Godot Engine v4.7.2.stable.mono.official.ed1daf0bf - https://godotengine.org

[   0% ] [90m[1mfirst_scan_filesystem[22m | Started Project initialization (5 steps)[39m[0m
[   0% ] [90m[1mfirst_scan_filesystem[22m | Scanning file structure...[39m[0m
[  16% ] [90m[1mfirst_scan_filesystem[22m | Loading global class names...[39m[0m
[  33% ] [90m[1mfirst_scan_filesystem[22m | Verifying GDExtensions...[39m[0m
[  50% ] [90m[1mfirst_scan_filesystem[22m | Creating autoload scripts...[39m[0m
[  66% ] [90m[1mfirst_scan_filesystem[22m | Initializing plugins...[39m[0m
[  83% ] [90m[1mfirst_scan_filesystem[22m | Starting file scan...[39m[0m
[92m[ DONE ][39m [1mfirst_scan_filesystem[22m
[0m
[   0% ] [90m[1m_update_scan_actions[22m | Started Scanning actions... (25 steps)[39m[0m
[   0% ] [90m[1m_update_scan_actions[22m | carrot_growing.glb[39m[0m
[   3% ] [90m[1m_update_scan_actions[22m | carrot_harvest.glb[39m[0m
[   7% ] [90m[1m_update_scan_actions[22m | carrot_seeds.glb[39m[0m
[  11% ] [90m[1m_update_scan_actions[22m | carrot_stage_0.glb[39m[0m
[  15% ] [90m[1m_update_scan_actions[22m | carrot_stage_1.glb[39m[0m
[  19% ] [90m[1m_update_scan_actions[22m | carrot_stage_2.glb[39m[0m
[  23% ] [90m[1m_update_scan_actions[22m | carrot_stage_3.glb[39m[0m
[  26% ] [90m[1m_update_scan_actions[22m | farmland_dry.glb[39m[0m
[  30% ] [90m[1m_update_scan_actions[22m | farmland_wet.glb[39m[0m
[  34% ] [90m[1m_update_scan_actions[22m | fishing_bobber.glb[39m[0m
[  38% ] [90m[1m_update_scan_actions[22m | fishing_hook.glb[39m[0m
[  42% ] [90m[1m_update_scan_actions[22m | fishing_rod.glb[39m[0m
[  46% ] [90m[1m_update_scan_actions[22m | irrigation_channel.glb[39m[0m
[  50% ] [90m[1m_update_scan_actions[22m | landing_net.glb[39m[0m
[  53% ] [90m[1m_update_scan_actions[22m | river_fish.glb[39m[0m
[  57% ] [90m[1m_update_scan_actions[22m | salmon.glb[39m[0m
[  61% ] [90m[1m_update_scan_actions[22m | wheat_growing.glb[39m[0m
[  65% ] [90m[1m_update_scan_actions[22m | wheat_harvest.glb[39m[0m
[  69% ] [90m[1m_update_scan_actions[22m | wheat_seeds.glb[39m[0m
[  73% ] [90m[1m_update_scan_actions[22m | wheat_stage_0.glb[39m[0m
[  76% ] [90m[1m_update_scan_actions[22m | wheat_stage_1.glb[39m[0m
[  80% ] [90m[1m_update_scan_actions[22m | wheat_stage_2.glb[39m[0m
[  84% ] [90m[1m_update_scan_actions[22m | wheat_stage_3.glb[39m[0m
[  88% ] [90m[1m_update_scan_actions[22m | asset_preview.png[39m[0m
[  92% ] [90m[1m_update_scan_actions[22m | godot_preview.png[39m[0m
[92m[ DONE ][39m [1m_update_scan_actions[22m
[0m
[   0% ] [90m[1mreimport[22m | Started (Re)Importing Assets (25 steps)[39m[0m
[   0% ] [90m[1mreimport[22m | Preparing files to reimport...[39m[0m
[   3% ] [90m[1mreimport[22m | Preparing files to reimport...[39m[0m
[   7% ] [90m[1mreimport[22m | Preparing files to reimport...[39m[0m
[  11% ] [90m[1mreimport[22m | Preparing files to reimport...[39m[0m
[  15% ] [90m[1mreimport[22m | Preparing files to reimport...[39m[0m
[  19% ] [90m[1mreimport[22m | Preparing files to reimport...[39m[0m
[  23% ] [90m[1mreimport[22m | Preparing files to reimport...[39m[0m
[  26% ] [90m[1mreimport[22m | Preparing files to reimport...[39m[0m
[  30% ] [90m[1mreimport[22m | Preparing files to reimport...[39m[0m
[  34% ] [90m[1mreimport[22m | Preparing files to reimport...[39m[0m
[  38% ] [90m[1mreimport[22m | Preparing files to reimport...[39m[0m
[  42% ] [90m[1mreimport[22m | Preparing files to reimport...[39m[0m
[  46% ] [90m[1mreimport[22m | Preparing files to reimport...[39m[0m
[  50% ] [90m[1mreimport[22m | Preparing files to reimport...[39m[0m
[  53% ] [90m[1mreimport[22m | Preparing files to reimport...[39m[0m
[  57% ] [90m[1mreimport[22m | Preparing files to reimport...[39m[0m
[  61% ] [90m[1mreimport[22m | Preparing files to reimport...[39m[0m
[  65% ] [90m[1mreimport[22m | Preparing files to reimport...[39m[0m
[  69% ] [90m[1mreimport[22m | Preparing files to reimport...[39m[0m
[  73% ] [90m[1mreimport[22m | Preparing files to reimport...[39m[0m
[  76% ] [90m[1mreimport[22m | Preparing files to reimport...[39m[0m
[  80% ] [90m[1mreimport[22m | Preparing files to reimport...[39m[0m
[  84% ] [90m[1mreimport[22m | Preparing files to reimport...[39m[0m
[  88% ] [90m[1mreimport[22m | Preparing files to reimport...[39m[0m
[  92% ] [90m[1mreimport[22m | Preparing files to reimport...[39m[0m
[   0% ] [90m[1mreimport[22m | Executing pre-reimport operations...[39m[0m
[   0% ] [90m[1mpreload_reimporting_scene[22m | Started Preparing scenes for reload (1 steps)[39m[0m
[   0% ] [90m[1mpreload_reimporting_scene[22m | Analyzing scene [empty][39m[0m
[  50% ] [90m[1mpreload_reimporting_scene[22m | Preparation done.[39m[0m
[92m[ DONE ][39m [1mpreload_reimporting_scene[22m
[0m
[   0% ] [90m[1mreimport[22m | godot_preview.png[39m[0m
[   3% ] [90m[1mreimport[22m | asset_preview.png[39m[0m
[   7% ] [90m[1mreimport[22m | wheat_stage_3.glb[39m[0m
[   0% ] [90m[1mimport[22m | Started Import Scene (104 steps)[39m[0m
[   0% ] [90m[1mimport[22m | Importing Scene...[39m[0m
[   1% ] [90m[1mimport[22m | Running Custom Script...[39m[0m
[  99% ] [90m[1mimport[22m | Saving...[39m[0m
[92m[ DONE ][39m [1mimport[22m
[0m
[  11% ] [90m[1mreimport[22m | wheat_stage_2.glb[39m[0m
[   0% ] [90m[1mimport[22m | Started Import Scene (104 steps)[39m[0m
[   0% ] [90m[1mimport[22m | Importing Scene...[39m[0m
[   1% ] [90m[1mimport[22m | Running Custom Script...[39m[0m
[  99% ] [90m[1mimport[22m | Saving...[39m[0m
[92m[ DONE ][39m [1mimport[22m
[0m
[  15% ] [90m[1mreimport[22m | wheat_stage_1.glb[39m[0m
[   0% ] [90m[1mimport[22m | Started Import Scene (104 steps)[39m[0m
[   0% ] [90m[1mimport[22m | Importing Scene...[39m[0m
[   1% ] [90m[1mimport[22m | Running Custom Script...[39m[0m
[  99% ] [90m[1mimport[22m | Saving...[39m[0m
[92m[ DONE ][39m [1mimport[22m
[0m
[  19% ] [90m[1mreimport[22m | wheat_stage_0.glb[39m[0m
[   0% ] [90m[1mimport[22m | Started Import Scene (104 steps)[39m[0m
[   0% ] [90m[1mimport[22m | Importing Scene...[39m[0m
[   1% ] [90m[1mimport[22m | Running Custom Script...[39m[0m
[  99% ] [90m[1mimport[22m | Saving...[39m[0m
[92m[ DONE ][39m [1mimport[22m
[0m
[  23% ] [90m[1mreimport[22m | wheat_seeds.glb[39m[0m
[   0% ] [90m[1mimport[22m | Started Import Scene (104 steps)[39m[0m
[   0% ] [90m[1mimport[22m | Importing Scene...[39m[0m
[   1% ] [90m[1mimport[22m | Running Custom Script...[39m[0m
[  99% ] [90m[1mimport[22m | Saving...[39m[0m
[92m[ DONE ][39m [1mimport[22m
[0m
[  26% ] [90m[1mreimport[22m | wheat_harvest.glb[39m[0m
[   0% ] [90m[1mimport[22m | Started Import Scene (104 steps)[39m[0m
[   0% ] [90m[1mimport[22m | Importing Scene...[39m[0m
[   1% ] [90m[1mimport[22m | Running Custom Script...[39m[0m
[  99% ] [90m[1mimport[22m | Saving...[39m[0m
[92m[ DONE ][39m [1mimport[22m
[0m
[  30% ] [90m[1mreimport[22m | wheat_growing.glb[39m[0m
[   0% ] [90m[1mimport[22m | Started Import Scene (104 steps)[39m[0m
[   0% ] [90m[1mimport[22m | Importing Scene...[39m[0m
[   1% ] [90m[1mimport[22m | Running Custom Script...[39m[0m
[  99% ] [90m[1mimport[22m | Saving...[39m[0m
[92m[ DONE ][39m [1mimport[22m
[0m
[  34% ] [90m[1mreimport[22m | salmon.glb[39m[0m
[   0% ] [90m[1mimport[22m | Started Import Scene (104 steps)[39m[0m
[   0% ] [90m[1mimport[22m | Importing Scene...[39m[0m
[   1% ] [90m[1mimport[22m | Running Custom Script...[39m[0m
[  99% ] [90m[1mimport[22m | Saving...[39m[0m
[92m[ DONE ][39m [1mimport[22m
[0m
[  38% ] [90m[1mreimport[22m | river_fish.glb[39m[0m
[   0% ] [90m[1mimport[22m | Started Import Scene (104 steps)[39m[0m
[   0% ] [90m[1mimport[22m | Importing Scene...[39m[0m
[   1% ] [90m[1mimport[22m | Running Custom Script...[39m[0m
[  99% ] [90m[1mimport[22m | Saving...[39m[0m
[92m[ DONE ][39m [1mimport[22m
[0m
[  42% ] [90m[1mreimport[22m | landing_net.glb[39m[0m
[   0% ] [90m[1mimport[22m | Started Import Scene (104 steps)[39m[0m
[   0% ] [90m[1mimport[22m | Importing Scene...[39m[0m
[   1% ] [90m[1mimport[22m | Running Custom Script...[39m[0m
[  99% ] [90m[1mimport[22m | Saving...[39m[0m
[92m[ DONE ][39m [1mimport[22m
[0m
[  46% ] [90m[1mreimport[22m | irrigation_channel.glb[39m[0m
[   0% ] [90m[1mimport[22m | Started Import Scene (104 steps)[39m[0m
[   0% ] [90m[1mimport[22m | Importing Scene...[39m[0m
[   1% ] [90m[1mimport[22m | Running Custom Script...[39m[0m
[  99% ] [90m[1mimport[22m | Saving...[39m[0m
[92m[ DONE ][39m [1mimport[22m
[0m
[  50% ] [90m[1mreimport[22m | fishing_rod.glb[39m[0m
[   0% ] [90m[1mimport[22m | Started Import Scene (104 steps)[39m[0m
[   0% ] [90m[1mimport[22m | Importing Scene...[39m[0m
[   1% ] [90m[1mimport[22m | Running Custom Script...[39m[0m
[  99% ] [90m[1mimport[22m | Saving...[39m[0m
[92m[ DONE ][39m [1mimport[22m
[0m
[  53% ] [90m[1mreimport[22m | fishing_hook.glb[39m[0m
[   0% ] [90m[1mimport[22m | Started Import Scene (104 steps)[39m[0m
[   0% ] [90m[1mimport[22m | Importing Scene...[39m[0m
[   1% ] [90m[1mimport[22m | Running Custom Script...[39m[0m
[  99% ] [90m[1mimport[22m | Saving...[39m[0m
[92m[ DONE ][39m [1mimport[22m
[0m
[  57% ] [90m[1mreimport[22m | fishing_bobber.glb[39m[0m
[   0% ] [90m[1mimport[22m | Started Import Scene (104 steps)[39m[0m
[   0% ] [90m[1mimport[22m | Importing Scene...[39m[0m
[   1% ] [90m[1mimport[22m | Running Custom Script...[39m[0m
[  99% ] [90m[1mimport[22m | Saving...[39m[0m
[92m[ DONE ][39m [1mimport[22m
[0m
[  61% ] [90m[1mreimport[22m | farmland_wet.glb[39m[0m
[   0% ] [90m[1mimport[22m | Started Import Scene (104 steps)[39m[0m
[   0% ] [90m[1mimport[22m | Importing Scene...[39m[0m
[   1% ] [90m[1mimport[22m | Running Custom Script...[39m[0m
[  99% ] [90m[1mimport[22m | Saving...[39m[0m
[92m[ DONE ][39m [1mimport[22m
[0m
[  65% ] [90m[1mreimport[22m | farmland_dry.glb[39m[0m
[   0% ] [90m[1mimport[22m | Started Import Scene (104 steps)[39m[0m
[   0% ] [90m[1mimport[22m | Importing Scene...[39m[0m
[   1% ] [90m[1mimport[22m | Running Custom Script...[39m[0m
[  99% ] [90m[1mimport[22m | Saving...[39m[0m
[92m[ DONE ][39m [1mimport[22m
[0m
[  69% ] [90m[1mreimport[22m | carrot_stage_3.glb[39m[0m
[   0% ] [90m[1mimport[22m | Started Import Scene (104 steps)[39m[0m
[   0% ] [90m[1mimport[22m | Importing Scene...[39m[0m
[   1% ] [90m[1mimport[22m | Running Custom Script...[39m[0m
[  99% ] [90m[1mimport[22m | Saving...[39m[0m
[92m[ DONE ][39m [1mimport[22m
[0m
[  73% ] [90m[1mreimport[22m | carrot_stage_2.glb[39m[0m
[   0% ] [90m[1mimport[22m | Started Import Scene (104 steps)[39m[0m
[   0% ] [90m[1mimport[22m | Importing Scene...[39m[0m
[   1% ] [90m[1mimport[22m | Running Custom Script...[39m[0m
[  99% ] [90m[1mimport[22m | Saving...[39m[0m
[92m[ DONE ][39m [1mimport[22m
[0m
[  76% ] [90m[1mreimport[22m | carrot_stage_1.glb[39m[0m
[   0% ] [90m[1mimport[22m | Started Import Scene (104 steps)[39m[0m
[   0% ] [90m[1mimport[22m | Importing Scene...[39m[0m
[   1% ] [90m[1mimport[22m | Running Custom Script...[39m[0m
[  99% ] [90m[1mimport[22m | Saving...[39m[0m
[92m[ DONE ][39m [1mimport[22m
[0m
[  80% ] [90m[1mreimport[22m | carrot_stage_0.glb[39m[0m
[   0% ] [90m[1mimport[22m | Started Import Scene (104 steps)[39m[0m
[   0% ] [90m[1mimport[22m | Importing Scene...[39m[0m
[   1% ] [90m[1mimport[22m | Running Custom Script...[39m[0m
[  99% ] [90m[1mimport[22m | Saving...[39m[0m
[92m[ DONE ][39m [1mimport[22m
[0m
[  84% ] [90m[1mreimport[22m | carrot_seeds.glb[39m[0m
[   0% ] [90m[1mimport[22m | Started Import Scene (104 steps)[39m[0m
[   0% ] [90m[1mimport[22m | Importing Scene...[39m[0m
[   1% ] [90m[1mimport[22m | Running Custom Script...[39m[0m
[  99% ] [90m[1mimport[22m | Saving...[39m[0m
[92m[ DONE ][39m [1mimport[22m
[0m
[  88% ] [90m[1mreimport[22m | carrot_harvest.glb[39m[0m
[   0% ] [90m[1mimport[22m | Started Import Scene (104 steps)[39m[0m
[   0% ] [90m[1mimport[22m | Importing Scene...[39m[0m
[   1% ] [90m[1mimport[22m | Running Custom Script...[39m[0m
[  99% ] [90m[1mimport[22m | Saving...[39m[0m
[92m[ DONE ][39m [1mimport[22m
[0m
[  92% ] [90m[1mreimport[22m | carrot_growing.glb[39m[0m
[   0% ] [90m[1mimport[22m | Started Import Scene (104 steps)[39m[0m
[   0% ] [90m[1mimport[22m | Importing Scene...[39m[0m
[   1% ] [90m[1mimport[22m | Running Custom Script...[39m[0m
[  99% ] [90m[1mimport[22m | Saving...[39m[0m
[92m[ DONE ][39m [1mimport[22m
[0m
[  96% ] [90m[1mreimport[22m | Finalizing Asset Import...[39m[0m
[92m[ DONE ][39m [1mreimport[22m
[0m
[   0% ] [90m[1mreimport[22m | Started (Re)Importing Assets (25 steps)[39m[0m
[   0% ] [90m[1mreimport[22m | Executing post-reimport operations...[39m[0m
[92m[ DONE ][39m [1mreimport[22m
[0m
WARNING: Case mismatch opening requested file 'res://styled Nature megaKit/textures/Leaves_TwistedTree_C.png', stored as 'res://styled Nature megaKit/Textures/Leaves_TwistedTree_C.png' in the filesystem. This file will not open when exported to other case-sensitive platforms.
   at: open_internal (drivers/windows/file_access_windows.cpp:192)
WARNING: Case mismatch opening requested file 'res://styled Nature megaKit/textures/Leaves_TwistedTree_C.png.import', stored as 'res://styled Nature megaKit/Textures/Leaves_TwistedTree_C.png.import' in the filesystem. This file will not open when exported to other case-sensitive platforms.
   at: open_internal (drivers/windows/file_access_windows.cpp:192)
WARNING: Case mismatch opening requested file 'res://styled Nature megaKit/textures/Leaves_NormalTree_C.png', stored as 'res://styled Nature megaKit/Textures/Leaves_NormalTree_C.png' in the filesystem. This file will not open when exported to other case-sensitive platforms.
   at: open_internal (drivers/windows/file_access_windows.cpp:192)
WARNING: Case mismatch opening requested file 'res://styled Nature megaKit/textures/Leaves_NormalTree_C.png.import', stored as 'res://styled Nature megaKit/Textures/Leaves_NormalTree_C.png.import' in the filesystem. This file will not open when exported to other case-sensitive platforms.
   at: open_internal (drivers/windows/file_access_windows.cpp:192)
WARNING: Case mismatch opening requested file 'res://styled Nature megaKit/textures/Leaves.png', stored as 'res://styled Nature megaKit/Textures/Leaves.png' in the filesystem. This file will not open when exported to other case-sensitive platforms.
   at: open_internal (drivers/windows/file_access_windows.cpp:192)
WARNING: Case mismatch opening requested file 'res://styled Nature megaKit/textures/Leaves.png.import', stored as 'res://styled Nature megaKit/Textures/Leaves.png.import' in the filesystem. This file will not open when exported to other case-sensitive platforms.
   at: open_internal (drivers/windows/file_access_windows.cpp:192)
WARNING: Case mismatch opening requested file 'res://styled Nature megaKit/textures/Bark_NormalTree.png', stored as 'res://styled Nature megaKit/Textures/Bark_NormalTree.png' in the filesystem. This file will not open when exported to other case-sensitive platforms.
   at: open_internal (drivers/windows/file_access_windows.cpp:192)
WARNING: Case mismatch opening requested file 'res://styled Nature megaKit/textures/Bark_NormalTree.png.import', stored as 'res://styled Nature megaKit/Textures/Bark_NormalTree.png.import' in the filesystem. This file will not open when exported to other case-sensitive platforms.
   at: open_internal (drivers/windows/file_access_windows.cpp:192)
WARNING: Case mismatch opening requested file 'res://styled Nature megaKit/textures/Bark_DeadTree.png', stored as 'res://styled Nature megaKit/Textures/Bark_DeadTree.png' in the filesystem. This file will not open when exported to other case-sensitive platforms.
   at: open_internal (drivers/windows/file_access_windows.cpp:192)
WARNING: Case mismatch opening requested file 'res://styled Nature megaKit/textures/Bark_DeadTree.png.import', stored as 'res://styled Nature megaKit/Textures/Bark_DeadTree.png.import' in the filesystem. This file will not open when exported to other case-sensitive platforms.
   at: open_internal (drivers/windows/file_access_windows.cpp:192)
WARNING: Case mismatch opening requested file 'res://styled Nature megaKit/textures/Grass.png', stored as 'res://styled Nature megaKit/Textures/Grass.png' in the filesystem. This file will not open when exported to other case-sensitive platforms.
   at: open_internal (drivers/windows/file_access_windows.cpp:192)
WARNING: Case mismatch opening requested file 'res://styled Nature megaKit/textures/Grass.png.import', stored as 'res://styled Nature megaKit/Textures/Grass.png.import' in the filesystem. This file will not open when exported to other case-sensitive platforms.
   at: open_internal (drivers/windows/file_access_windows.cpp:192)
WARNING: Case mismatch opening requested file 'res://styled Nature megaKit/textures/Mushrooms.png', stored as 'res://styled Nature megaKit/Textures/Mushrooms.png' in the filesystem. This file will not open when exported to other case-sensitive platforms.
   at: open_internal (drivers/windows/file_access_windows.cpp:192)
WARNING: Case mismatch opening requested file 'res://styled Nature megaKit/textures/Mushrooms.png.import', stored as 'res://styled Nature megaKit/Textures/Mushrooms.png.import' in the filesystem. This file will not open when exported to other case-sensitive platforms.
   at: open_internal (drivers/windows/file_access_windows.cpp:192)
WARNING: Case mismatch opening requested file 'res://styled Nature megaKit/textures/PathRocks_Diffuse.png', stored as 'res://styled Nature megaKit/Textures/PathRocks_Diffuse.png' in the filesystem. This file will not open when exported to other case-sensitive platforms.
   at: open_internal (drivers/windows/file_access_windows.cpp:192)
WARNING: Case mismatch opening requested file 'res://styled Nature megaKit/textures/PathRocks_Diffuse.png.import', stored as 'res://styled Nature megaKit/Textures/PathRocks_Diffuse.png.import' in the filesystem. This file will not open when exported to other case-sensitive platforms.
   at: open_internal (drivers/windows/file_access_windows.cpp:192)
WARNING: Case mismatch opening requested file 'res://styled Nature megaKit/textures/Flowers.png', stored as 'res://styled Nature megaKit/Textures/Flowers.png' in the filesystem. This file will not open when exported to other case-sensitive platforms.
   at: open_internal (drivers/windows/file_access_windows.cpp:192)
WARNING: Case mismatch opening requested file 'res://styled Nature megaKit/textures/Flowers.png.import', stored as 'res://styled Nature megaKit/Textures/Flowers.png.import' in the filesystem. This file will not open when exported to other case-sensitive platforms.
   at: open_internal (drivers/windows/file_access_windows.cpp:192)
WARNING: Case mismatch opening requested file 'res://styled Nature megaKit/textures/Rocks_Diffuse.png', stored as 'res://styled Nature megaKit/Textures/Rocks_Diffuse.png' in the filesystem. This file will not open when exported to other case-sensitive platforms.
   at: open_internal (drivers/windows/file_access_windows.cpp:192)
WARNING: Case mismatch opening requested file 'res://styled Nature megaKit/textures/Rocks_Diffuse.png.import', stored as 'res://styled Nature megaKit/Textures/Rocks_Diffuse.png.import' in the filesystem. This file will not open when exported to other case-sensitive platforms.
   at: open_internal (drivers/windows/file_access_windows.cpp:192)
WARNING: Case mismatch opening requested file 'res://styled Nature megaKit/textures/Bark_TwistedTree.png', stored as 'res://styled Nature megaKit/Textures/Bark_TwistedTree.png' in the filesystem. This file will not open when exported to other case-sensitive platforms.
   at: open_internal (drivers/windows/file_access_windows.cpp:192)
WARNING: Case mismatch opening requested file 'res://styled Nature megaKit/textures/Bark_TwistedTree.png.import', stored as 'res://styled Nature megaKit/Textures/Bark_TwistedTree.png.import' in the filesystem. This file will not open when exported to other case-sensitive platforms.
   at: open_internal (drivers/windows/file_access_windows.cpp:192)
[   0% ] [90m[1mloading_editor_layout[22m | Started Loading editor (5 steps)[39m[0m
[   0% ] [90m[1mloading_editor_layout[22m | Loading editor layout...[39m[0m
[  16% ] [90m[1mloading_editor_layout[22m | Loading docks...[39m[0m
[  33% ] [90m[1mloading_editor_layout[22m | Reopening scenes...[39m[0m
[  50% ] [90m[1mloading_editor_layout[22m | Loading central editor layout...[39m[0m
[  66% ] [90m[1mloading_editor_layout[22m | Loading plugin window layout...[39m[0m
[  83% ] [90m[1mloading_editor_layout[22m | Editor layout ready.[39m[0m
[92m[ DONE ][39m [1mloading_editor_layout[22m
[0m
